// Jest Snapshot v1, https://goo.gl/fbAQLP

exports[`Tree.vue should render correctly 1`] = `
<div
  class="tree"
>
  <svg />
   
  <!---->
</div>
`;
